// Jest Snapshot v1, https://goo.gl/fbAQLP

exports[`user-case1 style-loader 1`] = `
"(() => {
  var __create = Object.create;
  var __defProp = Object.defineProperty;
  var __getOwnPropDesc = Object.getOwnPropertyDescriptor;
  var __getOwnPropNames = Object.getOwnPropertyNames;
  var __getProtoOf = Object.getPrototypeOf;
  var __hasOwnProp = Object.prototype.hasOwnProperty;
  var __require = /* @__PURE__ */ ((x) => typeof require !== "undefined" ? require : typeof Proxy !== "undefined" ? new Proxy(x, {
    get: (a, b) => (typeof require !== "undefined" ? require : a)[b]
  }) : x)(function(x) {
    if (typeof require !== "undefined")
      return require.apply(this, arguments);
    throw Error('Dynamic require of "' + x + '" is not supported');
  });
  var __commonJS = (cb, mod) => function __require2() {
    return mod || (0, cb[__getOwnPropNames(cb)[0]])((mod = { exports: {} }).exports, mod), mod.exports;
  };
  var __copyProps = (to, from, except, desc) => {
    if (from && typeof from === "object" || typeof from === "function") {
      for (let key of __getOwnPropNames(from))
        if (!__hasOwnProp.call(to, key) && key !== except)
          __defProp(to, key, { get: () => from[key], enumerable: !(desc = __getOwnPropDesc(from, key)) || desc.enumerable });
    }
    return to;
  };
  var __toESM = (mod, isNodeMode, target) => (target = mod != null ? __create(__getProtoOf(mod)) : {}, __copyProps(
    // If the importer is in node compatibility mode or this is not an ESM
    // file that has been converted to a CommonJS file using a Babel-
    // compatible transform (i.e. "__esModule" has not been set), then set
    // "default" to the CommonJS "module.exports" for node compatibility.
    isNodeMode || !mod || !mod.__esModule ? __defProp(target, "default", { value: mod, enumerable: true }) : target,
    mod
  ));

  // css-loader:index.modules.less
  var require_index_modules = __commonJS({
    "css-loader:index.modules.less"(exports, module) {
      module.exports = {};
    }
  });

  
  var require_index_modules2 = __commonJS({
    "style-loader:index.modules.less"(exports, module) {
      require_index_modules();
      var s_brightBox = "index-modules__brightBox";
      var s_sliderBox = "index-modules__sliderBox";
      var s_sliderTextBox = "index-modules__sliderTextBox";
      var s_text = "index-modules__text";
      exports["brightBox"] = s_brightBox;
      exports["sliderBox"] = s_sliderBox;
      exports["sliderTextBox"] = s_sliderTextBox;
      exports["text"] = s_text;
      module.exports = { "brightBox": s_brightBox, "sliderBox": s_sliderBox, "sliderTextBox": s_sliderTextBox, "text": s_text };
    }
  });

  // __tests__/user-case1/index.jsx
  var import_index_modules = __toESM(require_index_modules2());
  var import_react = __toESM(__require("react"));
  var import_client = __require("react-dom/client");
  var App = () => /* @__PURE__ */ import_react.default.createElement("div", { className: "app" }, /* @__PURE__ */ import_react.default.createElement("h1", { className: "title" }, "Hello World"));
  (0, import_client.createRoot)(document.getElementById("root")).render(/* @__PURE__ */ import_react.default.createElement(App, null));
})();
//# sourceMappingURL=index.js.map
"
`;

exports[`user-case1 style-loader 2`] = `
"
.index-modules__brightBox {
  padding: 0 46rpx 0 66rpx;
  height: 80rpx;
  margin-bottom: 28rpx;
  flex-direction: row;
  align-items: center;
  width: 100%;
  display: flex;
  position: relative;
}
.index-modules__brightBox .index-modules__sliderBox {
  margin-left: 58rpx;
  margin-right: 18rpx;
  height: 60rpx;
}
.index-modules__brightBox .index-modules__text {
  color: #fff;
  font-size: 13px;
  line-height: 80rpx;
  width: 66rpx;
  text-align: end;
}
.index-modules__sliderTextBox {
  width: calc(100vw - 108rpx);
  justify-content: space-between;
  align-items: center;
  display: flex;
  position: absolute;
}
/*# sourceMappingURL=index.css.map */
"
`;
