// Jest Snapshot v1, https://goo.gl/fbAQLP

exports[`index.test.ts style-loader: __tests__/less-multiple/output/index.css 1`] = `
"/* css-loader:./a.less */
.a__a {
  color: red;
}

/* css-loader:./b.less */
.b__b {
  color: green;
}
/*# sourceMappingURL=index.css.map */
"
`;

exports[`index.test.ts style-loader: __tests__/less-multiple/output/index.js 1`] = `
"(() => {
  // style-loader:./a.less
  var a_default = { "a": "a__a" };

  // style-loader:./b.less
  var b_default = { "b": "b__b" };

  // __tests__/less-multiple/index.js
  console.log(a_default, b_default);
})();
//# sourceMappingURL=index.js.map
"
`;
