// Jest Snapshot v1, https://goo.gl/fbAQLP

exports[`index.test.ts style-loader: __tests__/css-modules/output/index.css 1`] = `
"/* css-loader:./index.modules.css */
.index-modules__foo {
  color: red;
}
/*# sourceMappingURL=index.css.map */
"
`;

exports[`index.test.ts style-loader: __tests__/css-modules/output/index.js 1`] = `
"(() => {
  // style-loader:./index.modules.css
  var index_modules_default = { "foo": "index-modules__foo" };

  // __tests__/css-modules/index.js
  console.log(index_modules_default);
})();
//# sourceMappingURL=index.js.map
"
`;
