// Jest Snapshot v1, https://goo.gl/fbAQLP

exports[`index.test.ts style-loader: __tests__/less/output/index.css 1`] = `
"/* css-loader:./index.less */
.index__foo {
  color: red;
}
.index__a {
  color: #ff8c00;
}
/*# sourceMappingURL=index.css.map */
"
`;

exports[`index.test.ts style-loader: __tests__/less/output/index.js 1`] = `
"(() => {
  // style-loader:./index.less
  var index_default = { "a": "index__a", "foo": "index__foo" };

  // __tests__/less/index.js
  console.log(index_default);
})();
//# sourceMappingURL=index.js.map
"
`;
