// Jest Snapshot v1, https://goo.gl/fbAQLP

exports[`index.test.ts style-loader: __tests__/css/output/index.css 1`] = `
"/* css-loader:./index.css */
.foo {
  color: red;
}
/*# sourceMappingURL=index.css.map */
"
`;

exports[`index.test.ts style-loader: __tests__/css/output/index.js 1`] = `
"(() => {
  // style-loader:./index.css
  var index_default = {};

  // __tests__/css/index.js
  console.log(index_default);
})();
//# sourceMappingURL=index.js.map
"
`;
