// Vitest Snapshot v1, https://vitest.dev/guide/snapshot.html

exports[`less-alias > style-loader 1`] = `
"(() => {
  var __create = Object.create;
  var __defProp = Object.defineProperty;
  var __getOwnPropDesc = Object.getOwnPropertyDescriptor;
  var __getOwnPropNames = Object.getOwnPropertyNames;
  var __getProtoOf = Object.getPrototypeOf;
  var __hasOwnProp = Object.prototype.hasOwnProperty;
  var __require = /* @__PURE__ */ ((x) => typeof require !== "undefined" ? require : typeof Proxy !== "undefined" ? new Proxy(x, {
    get: (a, b) => (typeof require !== "undefined" ? require : a)[b]
  }) : x)(function(x) {
    if (typeof require !== "undefined") return require.apply(this, arguments);
    throw Error('Dynamic require of "' + x + '" is not supported');
  });
  var __commonJS = (cb, mod) => function __require2() {
    return mod || (0, cb[__getOwnPropNames(cb)[0]])((mod = { exports: {} }).exports, mod), mod.exports;
  };
  var __copyProps = (to, from, except, desc) => {
    if (from && typeof from === "object" || typeof from === "function") {
      for (let key of __getOwnPropNames(from))
        if (!__hasOwnProp.call(to, key) && key !== except)
          __defProp(to, key, { get: () => from[key], enumerable: !(desc = __getOwnPropDesc(from, key)) || desc.enumerable });
    }
    return to;
  };
  var __toESM = (mod, isNodeMode, target) => (target = mod != null ? __create(__getProtoOf(mod)) : {}, __copyProps(
    // If the importer is in node compatibility mode or this is not an ESM
    // file that has been converted to a CommonJS file using a Babel-
    // compatible transform (i.e. "__esModule" has not been set), then set
    // "default" to the CommonJS "module.exports" for node compatibility.
    isNodeMode || !mod || !mod.__esModule ? __defProp(target, "default", { value: mod, enumerable: true }) : target,
    mod
  ));

  // css-loader:a.less
  var require_a = __commonJS({
    "css-loader:a.less"(exports, module) {
      module.exports = {};
    }
  });

  
  var require_a2 = __commonJS({
    "style-loader:a.less"(exports, module) {
      require_a();
      var s_app = "a__app";
      var s_appTitle = "a__app-title";
      var s_index = "a__index";
      exports["app"] = s_app;
      exports["app-title"] = s_appTitle;
      exports["index"] = s_index;
      module.exports = { "app": s_app, "app-title": s_appTitle, "index": s_index };
    }
  });

  // __tests__/less-alias/index.jsx
  var require_index = __commonJS({
    "__tests__/less-alias/index.jsx"() {
      var import_react = __toESM(__require("react"));
      var import_client = __require("react-dom/client");
      var a = __toESM(require_a2());
      var import_a = __toESM(require_a2());
      var App = class extends import_react.default.Component {
        render() {
          console.warn(a, import_a.default);
          return /* @__PURE__ */ import_react.default.createElement("div", { className: a.app }, /* @__PURE__ */ import_react.default.createElement("h1", { className: a["app-title"] }, "Hello World"));
        }
      };
      (0, import_client.createRoot)(document.getElementById("root")).render(/* @__PURE__ */ import_react.default.createElement(App, null));
    }
  });
  require_index();
})();
//# sourceMappingURL=index.js.map
"
`;

exports[`less-alias > style-loader 2`] = `
"
.a__app-title {
  color: green;
}
.a__index {
  -webkit-backdrop-filter: blur(2px);
  backdrop-filter: blur(2px);
}
.a__app {
  color: red;
  -webkit-user-select: none;
  user-select: none;
}
/*# sourceMappingURL=index.css.map */
"
`;
